type octile
height 33
width 57
map
PPPPPPPPPPPPPPPPPPPPPPPPPPPPPPPPPPPPPPPPPPPPPPPPPPPPPPPPPPP
P@@@@..@@@....@@@....@@@....@@@....@@@....@@@....@@@..@@@@P
P@@@@.E@@@E..E@@@E..E@@@E..E@@@E..E@@@E..E@@@E..E@@@E.@@@@P
P@@@@..@@@....@@@....@@@....@@@....@@@....@@@....@@@..@@@@P
P@@@@.................................................@@@@P
P.........................................................P
P.E.......................................................P
P@@@......................................................P
P@@@.....SSS.SSS.SSS.SSS.SSS.SSS.SSS.SSS.SSS.SSS..........P
P@@@....S@@@S@@@S@@@S@@@S@@@S@@@S@@@S@@@S@@@S@@@S.........P
P.E.....S@@@S@@@S@@@S@@@S@@@S@@@S@@@S@@@S@@@S@@@S.......E.P
P........SSS.SSS.SSS.SSS.SSS.SSS.SSS.SSS.SSS.SSS.......@@@P
P.......S@@@S@@@S@@@S@@@S@@@S@@@S@@@S@@@S@@@S@@@S......@@@P
P.E.....S@@@S@@@S@@@S@@@S@@@S@@@S@@@S@@@S@@@S@@@S......@@@P
P@@@.....SSS.SSS.SSS.SSS.SSS.SSS.SSS.SSS.SSS.SSS........E.P
P@@@....S@@@S@@@S@@@S@@@S@@@S@@@S@@@S@@@S@@@S@@@S.........P
P@@@....S@@@S@@@S@@@S@@@S@@@S@@@S@@@S@@@S@@@S@@@S.........P
P.E......SSS.SSS.SSS.SSS.SSS.SSS.SSS.SSS.SSS.SSS........E.P
P.......S@@@S@@@S@@@S@@@S@@@S@@@S@@@S@@@S@@@S@@@S......@@@P
P.......S@@@S@@@S@@@S@@@S@@@S@@@S@@@S@@@S@@@S@@@S......@@@P
P.E......SSS.SSS.SSS.SSS.SSS.SSS.SSS.SSS.SSS.SSS.......@@@P
P@@@....S@@@S@@@S@@@S@@@S@@@S@@@S@@@S@@@S@@@S@@@S.......E.P
P@@@....S@@@S@@@S@@@S@@@S@@@S@@@S@@@S@@@S@@@S@@@S.........P
P@@@.....SSS.SSS.SSS.SSS.SSS.SSS.SSS.SSS.SSS.SSS..........P
P.E.....S@@@S@@@S@@@S@@@S@@@S@@@S@@@S@@@S@@@S@@@S.......E.P
P.......S@@@S@@@S@@@S@@@S@@@S@@@S@@@S@@@S@@@S@@@S......@@@P
P........SSS.SSS.SSS.SSS.SSS.SSS.SSS.SSS.SSS.SSS.......@@@P
P......................................................@@@P
P.......................................................E.P
P.........................................................P
P@@@@.................................................@@@@P
P@@@@..@@@....@@@....@@@....@@@....@@@....@@@....@@@..@@@@P
P@@@@.E@@@E..E@@@E..E@@@E..E@@@E..E@@@E..E@@@E..E@@@E.@@@@P
P@@@@..@@@....@@@....@@@....@@@....@@@....@@@....@@@..@@@@P
PPPPPPPPPPPPPPPPPPPPPPPPPPPPPPPPPPPPPPPPPPPPPPPPPPPPPPPPPPP
